// Jest Snapshot v1, https://goo.gl/fbAQLP

exports[`services/calculateElectoralResults/calculateResultsForParentRegion should match exact snapshot for electoral district type 2 1`] = `
Array [
  Object {
    "electoralData": Object {
      "abstentions": 558364,
      "census": 1715062,
      "nulls": 7827,
      "percAbstention": 0.3255649066914199,
      "percNull": 0.0067666754848715914,
      "percValid": 0.9932333245151284,
      "percVotes": 0.6744350933085801,
      "percWhite": 0.006641318650157604,
      "prevAbstentions": 553031,
      "prevCensus": 1784229,
      "prevNulls": 8441,
      "prevVotes": 1231198,
      "prevWhites": 8669,
      "seats": 18,
      "valids": 1148871,
      "votes": 1156698,
      "whites": 7682,
    },
    "id": 14,
    "regionData": Object {
      "alias": "pais vasco",
      "countryCode": 99999,
      "id": 14,
      "name": "País Vasco",
      "oldId": 14999,
      "type": 1,
    },
    "regionId": 14,
    "resultsByParty": Array [
      Object {
        "distortion": 0.04284815266465947,
        "id": 59,
        "percSeats": 0.3333333333333333,
        "percVotes": 0.29048518066867385,
        "seats": 6,
        "votes": 333730,
      },
      Object {
        "distortion": 0.02865059117458213,
        "id": 16,
        "percSeats": 0.2777777777777778,
        "percVotes": 0.24912718660319566,
        "seats": 5,
        "votes": 286215,
      },
      Object {
        "distortion": 0.024241625038842474,
        "id": 77,
        "percSeats": 0.16666666666666666,
        "percVotes": 0.14242504162782418,
        "seats": 3,
        "votes": 163628,
      },
      Object {
        "distortion": -0.021873357989423248,
        "id": 23,
        "percSeats": 0.1111111111111111,
        "percVotes": 0.13298446910053435,
        "seats": 2,
        "votes": 152782,
      },
      Object {
        "distortion": -0.01739678925368182,
        "id": 68,
        "percSeats": 0.1111111111111111,
        "percVotes": 0.12850790036479293,
        "seats": 2,
        "votes": 147639,
      },
      Object {
        "distortion": -0.035100546536556324,
        "id": 13,
        "percSeats": 0,
        "percVotes": 0.035100546536556324,
        "seats": 0,
        "votes": 40326,
      },
      Object {
        "distortion": -0.008073143111802805,
        "id": 41,
        "percSeats": 0,
        "percVotes": 0.008073143111802805,
        "seats": 0,
        "votes": 9275,
      },
      Object {
        "distortion": -0.0025381439691662512,
        "id": 81,
        "percSeats": 0,
        "percVotes": 0.0025381439691662512,
        "seats": 0,
        "votes": 2916,
      },
      Object {
        "distortion": -0.001302147934798598,
        "id": 93,
        "percSeats": 0,
        "percVotes": 0.001302147934798598,
        "seats": 0,
        "votes": 1496,
      },
      Object {
        "distortion": -0.0008878281373626804,
        "id": 17,
        "percSeats": 0,
        "percVotes": 0.0008878281373626804,
        "seats": 0,
        "votes": 1020,
      },
      Object {
        "distortion": -0.0008321212738418847,
        "id": 49,
        "percSeats": 0,
        "percVotes": 0.0008321212738418847,
        "seats": 0,
        "votes": 956,
      },
      Object {
        "distortion": -0.0008068791013090243,
        "id": 94,
        "percSeats": 0,
        "percVotes": 0.0008068791013090243,
        "seats": 0,
        "votes": 927,
      },
      Object {
        "distortion": -0.00017756562747253609,
        "id": 53,
        "percSeats": 0,
        "percVotes": 0.00017756562747253609,
        "seats": 0,
        "votes": 204,
      },
      Object {
        "distortion": -0.00006528148068843238,
        "id": 38,
        "percSeats": 0,
        "percVotes": 0.00006528148068843238,
        "seats": 0,
        "votes": 75,
      },
    ],
  },
  Object {
    "electoralData": Object {
      "abstentions": 1998217,
      "census": 6283860,
      "nulls": 45239,
      "percAbstention": 0.3179919667210918,
      "percNull": 0.010555942247172712,
      "percValid": 0.9894440577528273,
      "percVotes": 0.6820080332789081,
      "percWhite": 0.008832280243594719,
      "prevAbstentions": 2011444,
      "prevCensus": 6505266,
      "prevNulls": 42319,
      "prevVotes": 4493822,
      "prevWhites": 37729,
      "seats": 61,
      "valids": 4240404,
      "votes": 4285643,
      "whites": 37852,
    },
    "id": 1,
    "regionData": Object {
      "alias": "andalucia",
      "countryCode": 99999,
      "id": 1,
      "name": "Andalucía",
      "oldId": 1999,
      "type": 1,
    },
    "regionId": 1,
    "resultsByParty": Array [
      Object {
        "distortion": 0.04145568499110375,
        "id": 68,
        "percSeats": 0.3770491803278688,
        "percVotes": 0.3355934953367651,
        "seats": 23,
        "votes": 1423052,
      },
      Object {
        "distortion": 0.01545946882481547,
        "id": 77,
        "percSeats": 0.32786885245901637,
        "percVotes": 0.3124093836342009,
        "seats": 20,
        "votes": 1324742,
      },
      Object {
        "distortion": -0.005280625055196941,
        "id": 59,
        "percSeats": 0.18032786885245902,
        "percVotes": 0.18560849390765596,
        "seats": 11,
        "votes": 787055,
      },
      Object {
        "distortion": -0.0210617342817057,
        "id": 13,
        "percSeats": 0.11475409836065574,
        "percVotes": 0.13581583264236144,
        "seats": 7,
        "votes": 575914,
      },
      Object {
        "distortion": -0.01240801584000015,
        "id": 41,
        "percSeats": 0,
        "percVotes": 0.01240801584000015,
        "seats": 0,
        "votes": 52615,
      },
      Object {
        "distortion": -0.0023313816325048276,
        "id": 93,
        "percSeats": 0,
        "percVotes": 0.0023313816325048276,
        "seats": 0,
        "votes": 9886,
      },
      Object {
        "distortion": -0.001985424030351825,
        "id": 94,
        "percSeats": 0,
        "percVotes": 0.001985424030351825,
        "seats": 0,
        "votes": 8419,
      },
      Object {
        "distortion": -0.0017019604735775177,
        "id": 81,
        "percSeats": 0,
        "percVotes": 0.0017019604735775177,
        "seats": 0,
        "votes": 7217,
      },
      Object {
        "distortion": -0.0012354954858074844,
        "id": 49,
        "percSeats": 0,
        "percVotes": 0.0012354954858074844,
        "seats": 0,
        "votes": 5239,
      },
      Object {
        "distortion": -0.0004662291611836985,
        "id": 28,
        "percSeats": 0,
        "percVotes": 0.0004662291611836985,
        "seats": 0,
        "votes": 1977,
      },
      Object {
        "distortion": -0.0003997260638373136,
        "id": 2,
        "percSeats": 0,
        "percVotes": 0.0003997260638373136,
        "seats": 0,
        "votes": 1695,
      },
      Object {
        "distortion": -0.00039901858407830954,
        "id": 44,
        "percSeats": 0,
        "percVotes": 0.00039901858407830954,
        "seats": 0,
        "votes": 1692,
      },
      Object {
        "distortion": -0.00022568604312230627,
        "id": 17,
        "percSeats": 0,
        "percVotes": 0.00022568604312230627,
        "seats": 0,
        "votes": 957,
      },
      Object {
        "distortion": -0.00020139590472983236,
        "id": 35,
        "percSeats": 0,
        "percVotes": 0.00020139590472983236,
        "seats": 0,
        "votes": 854,
      },
      Object {
        "distortion": -0.00019974511862548946,
        "id": 12,
        "percSeats": 0,
        "percVotes": 0.00019974511862548946,
        "seats": 0,
        "votes": 847,
      },
      Object {
        "distortion": -0.00009220819525686704,
        "id": 53,
        "percSeats": 0,
        "percVotes": 0.00009220819525686704,
        "seats": 0,
        "votes": 391,
      },
    ],
  },
  Object {
    "electoralData": Object {
      "abstentions": 276735,
      "census": 984309,
      "nulls": 6104,
      "percAbstention": 0.28114646924898584,
      "percNull": 0.008626659543736767,
      "percValid": 0.9913733404562632,
      "percVotes": 0.7188535307510142,
      "percWhite": 0.008383575428153097,
      "prevAbstentions": 279428,
      "prevCensus": 1019135,
      "prevNulls": 6128,
      "prevVotes": 739707,
      "prevWhites": 6791,
      "seats": 13,
      "valids": 701470,
      "votes": 707574,
      "whites": 5932,
    },
    "id": 2,
    "regionData": Object {
      "alias": "aragon",
      "countryCode": 99999,
      "id": 2,
      "name": "Aragón",
      "oldId": 2999,
      "type": 1,
    },
    "regionId": 2,
    "resultsByParty": Array [
      Object {
        "distortion": 0.1026592507382848,
        "id": 68,
        "percSeats": 0.46153846153846156,
        "percVotes": 0.35887921080017676,
        "seats": 6,
        "votes": 251743,
      },
      Object {
        "distortion": 0.059138556284549726,
        "id": 77,
        "percSeats": 0.3076923076923077,
        "percVotes": 0.24855375140775798,
        "seats": 4,
        "votes": 174353,
      },
      Object {
        "distortion": -0.04295627533827315,
        "id": 59,
        "percSeats": 0.15384615384615385,
        "percVotes": 0.196802429184427,
        "seats": 2,
        "votes": 138051,
      },
      Object {
        "distortion": -0.08503680732001259,
        "id": 13,
        "percSeats": 0.07692307692307693,
        "percVotes": 0.16195988424308952,
        "seats": 1,
        "votes": 113610,
      },
      Object {
        "distortion": -0.009036737137725064,
        "id": 41,
        "percSeats": 0,
        "percVotes": 0.009036737137725064,
        "seats": 0,
        "votes": 6339,
      },
      Object {
        "distortion": -0.005526964802486207,
        "id": 17,
        "percSeats": 0,
        "percVotes": 0.005526964802486207,
        "seats": 0,
        "votes": 3877,
      },
      Object {
        "distortion": -0.002742811524370251,
        "id": 94,
        "percSeats": 0,
        "percVotes": 0.002742811524370251,
        "seats": 0,
        "votes": 1924,
      },
      Object {
        "distortion": -0.002296605699459706,
        "id": 93,
        "percSeats": 0,
        "percVotes": 0.002296605699459706,
        "seats": 0,
        "votes": 1611,
      },
      Object {
        "distortion": -0.0021340898399076227,
        "id": 81,
        "percSeats": 0,
        "percVotes": 0.0021340898399076227,
        "seats": 0,
        "votes": 1497,
      },
      Object {
        "distortion": -0.0011233552397108928,
        "id": 49,
        "percSeats": 0,
        "percVotes": 0.0011233552397108928,
        "seats": 0,
        "votes": 788,
      },
      Object {
        "distortion": -0.0010235647996350522,
        "id": 39,
        "percSeats": 0,
        "percVotes": 0.0010235647996350522,
        "seats": 0,
        "votes": 718,
      },
      Object {
        "distortion": -0.0007926212097452492,
        "id": 34,
        "percSeats": 0,
        "percVotes": 0.0007926212097452492,
        "seats": 0,
        "votes": 556,
      },
      Object {
        "distortion": -0.0003663734728498724,
        "id": 24,
        "percSeats": 0,
        "percVotes": 0.0003663734728498724,
        "seats": 0,
        "votes": 257,
      },
      Object {
        "distortion": -0.00022809243445906453,
        "id": 28,
        "percSeats": 0,
        "percVotes": 0.00022809243445906453,
        "seats": 0,
        "votes": 160,
      },
      Object {
        "distortion": -0.00007698119662993429,
        "id": 87,
        "percSeats": 0,
        "percVotes": 0.00007698119662993429,
        "seats": 0,
        "votes": 54,
      },
    ],
  },
  Object {
    "electoralData": Object {
      "abstentions": 277418,
      "census": 872147,
      "nulls": 5729,
      "percAbstention": 0.3180862859128106,
      "percNull": 0.009632958877068378,
      "percValid": 0.9903670411229316,
      "percVotes": 0.6819137140871895,
      "percWhite": 0.009012508218028716,
      "prevAbstentions": 356887,
      "prevCensus": 985087,
      "prevNulls": 5233,
      "prevVotes": 628200,
      "prevWhites": 5591,
      "seats": 8,
      "valids": 589000,
      "votes": 594729,
      "whites": 5360,
    },
    "id": 3,
    "regionData": Object {
      "alias": "principado de asturias",
      "countryCode": 99999,
      "id": 3,
      "name": "Principado de Asturias",
      "oldId": 3999,
      "type": 1,
    },
    "regionId": 3,
    "resultsByParty": Array [
      Object {
        "distortion": 0.02217996604414263,
        "id": 68,
        "percSeats": 0.375,
        "percVotes": 0.35282003395585737,
        "seats": 3,
        "votes": 207811,
      },
      Object {
        "distortion": 0.0015517826825127423,
        "id": 77,
        "percSeats": 0.25,
        "percVotes": 0.24844821731748726,
        "seats": 2,
        "votes": 146336,
      },
      Object {
        "distortion": 0.012210526315789477,
        "id": 59,
        "percSeats": 0.25,
        "percVotes": 0.23778947368421052,
        "seats": 2,
        "votes": 140058,
      },
      Object {
        "distortion": -0.00126485568760612,
        "id": 13,
        "percSeats": 0.125,
        "percVotes": 0.12626485568760612,
        "seats": 1,
        "votes": 74370,
      },
      Object {
        "distortion": -0.010682512733446519,
        "id": 41,
        "percSeats": 0,
        "percVotes": 0.010682512733446519,
        "seats": 0,
        "votes": 6292,
      },
      Object {
        "distortion": -0.00431239388794567,
        "id": 17,
        "percSeats": 0,
        "percVotes": 0.00431239388794567,
        "seats": 0,
        "votes": 2540,
      },
      Object {
        "distortion": -0.002494057724957555,
        "id": 49,
        "percSeats": 0,
        "percVotes": 0.002494057724957555,
        "seats": 0,
        "votes": 1469,
      },
      Object {
        "distortion": -0.0024244482173174874,
        "id": 94,
        "percSeats": 0,
        "percVotes": 0.0024244482173174874,
        "seats": 0,
        "votes": 1428,
      },
      Object {
        "distortion": -0.0022920203735144313,
        "id": 93,
        "percSeats": 0,
        "percVotes": 0.0022920203735144313,
        "seats": 0,
        "votes": 1350,
      },
      Object {
        "distortion": -0.001801358234295416,
        "id": 81,
        "percSeats": 0,
        "percVotes": 0.001801358234295416,
        "seats": 0,
        "votes": 1061,
      },
      Object {
        "distortion": -0.0010101867572156198,
        "id": 52,
        "percSeats": 0,
        "percVotes": 0.0010101867572156198,
        "seats": 0,
        "votes": 595,
      },
      Object {
        "distortion": -0.0005602716468590832,
        "id": 79,
        "percSeats": 0,
        "percVotes": 0.0005602716468590832,
        "seats": 0,
        "votes": 330,
      },
    ],
  },
  Object {
    "electoralData": Object {
      "abstentions": 280316,
      "census": 749083,
      "nulls": 4648,
      "percAbstention": 0.37421220345408984,
      "percNull": 0.009915373735779182,
      "percValid": 0.9900846262642208,
      "percVotes": 0.6257877965459101,
      "percWhite": 0.009019406229534076,
      "prevAbstentions": 282715,
      "prevCensus": 771381,
      "prevNulls": 4696,
      "prevVotes": 488666,
      "prevWhites": 3997,
      "seats": 8,
      "valids": 464119,
      "votes": 468767,
      "whites": 4228,
    },
    "id": 4,
    "regionData": Object {
      "alias": "illes balears",
      "countryCode": 99999,
      "id": 4,
      "name": "Illes Balears",
      "oldId": 4999,
      "type": 1,
    },
    "regionId": 4,
    "resultsByParty": Array [
      Object {
        "distortion": 0.024092150935428214,
        "id": 68,
        "percSeats": 0.375,
        "percVotes": 0.3509078490645718,
        "seats": 3,
        "votes": 162863,
      },
      Object {
        "distortion": -0.003840071188639105,
        "id": 59,
        "percSeats": 0.25,
        "percVotes": 0.2538400711886391,
        "seats": 2,
        "votes": 117812,
      },
      Object {
        "distortion": 0.04901921705424686,
        "id": 77,
        "percSeats": 0.25,
        "percVotes": 0.20098078294575314,
        "seats": 2,
        "votes": 93279,
      },
      Object {
        "distortion": -0.020678155817796723,
        "id": 13,
        "percSeats": 0.125,
        "percVotes": 0.14567815581779672,
        "seats": 1,
        "votes": 67612,
      },
      Object {
        "distortion": -0.01597219678573814,
        "id": 85,
        "percSeats": 0,
        "percVotes": 0.01597219678573814,
        "seats": 0,
        "votes": 7413,
      },
      Object {
        "distortion": -0.015614529894272805,
        "id": 41,
        "percSeats": 0,
        "percVotes": 0.015614529894272805,
        "seats": 0,
        "votes": 7247,
      },
      Object {
        "distortion": -0.003522803418950743,
        "id": 81,
        "percSeats": 0,
        "percVotes": 0.003522803418950743,
        "seats": 0,
        "votes": 1635,
      },
      Object {
        "distortion": -0.0025683068351004808,
        "id": 93,
        "percSeats": 0,
        "percVotes": 0.0025683068351004808,
        "seats": 0,
        "votes": 1192,
      },
      Object {
        "distortion": -0.0018055714159515123,
        "id": 51,
        "percSeats": 0,
        "percVotes": 0.0018055714159515123,
        "seats": 0,
        "votes": 838,
      },
    ],
  },
  Object {
    "electoralData": Object {
      "abstentions": 547124,
      "census": 1535612,
      "nulls": 11707,
      "percAbstention": 0.3562905213035584,
      "percNull": 0.011843340536253348,
      "percValid": 0.9881566594637466,
      "percVotes": 0.6437094786964416,
      "percWhite": 0.006351114024651792,
      "prevAbstentions": 661980,
      "prevCensus": 1668911,
      "prevNulls": 12900,
      "prevVotes": 1006931,
      "prevWhites": 7262,
      "seats": 15,
      "valids": 976781,
      "votes": 988488,
      "whites": 6278,
    },
    "id": 5,
    "regionData": Object {
      "alias": "canarias",
      "countryCode": 99999,
      "id": 5,
      "name": "Canarias",
      "oldId": 5999,
      "type": 1,
    },
    "regionId": 5,
    "resultsByParty": Array [
      Object {
        "distortion": 0.059294150889503405,
        "id": 68,
        "percSeats": 0.4,
        "percVotes": 0.3407058491104966,
        "seats": 6,
        "votes": 332795,
      },
      Object {
        "distortion": -0.025385219409468446,
        "id": 77,
        "percSeats": 0.2,
        "percVotes": 0.22538521940946846,
        "seats": 3,
        "votes": 220152,
      },
      Object {
        "distortion": -0.002359587256508866,
        "id": 59,
        "percSeats": 0.2,
        "percVotes": 0.20235958725650888,
        "seats": 3,
        "votes": 197661,
      },
      Object {
        "distortion": 0.01317026709842499,
        "id": 13,
        "percSeats": 0.13333333333333333,
        "percVotes": 0.12016306623490834,
        "seats": 2,
        "votes": 117373,
      },
      Object {
        "distortion": -0.013269368125164868,
        "id": 7,
        "percSeats": 0.06666666666666667,
        "percVotes": 0.07993603479183153,
        "seats": 1,
        "votes": 78080,
      },
      Object {
        "distortion": -0.015291042720937446,
        "id": 41,
        "percSeats": 0,
        "percVotes": 0.015291042720937446,
        "seats": 0,
        "votes": 14936,
      },
      Object {
        "distortion": -0.003025243120003358,
        "id": 81,
        "percSeats": 0,
        "percVotes": 0.003025243120003358,
        "seats": 0,
        "votes": 2955,
      },
      Object {
        "distortion": -0.001577631014526286,
        "id": 49,
        "percSeats": 0,
        "percVotes": 0.001577631014526286,
        "seats": 0,
        "votes": 1541,
      },
      Object {
        "distortion": -0.001212144789876134,
        "id": 36,
        "percSeats": 0,
        "percVotes": 0.001212144789876134,
        "seats": 0,
        "votes": 1184,
      },
      Object {
        "distortion": -0.0009940815802109172,
        "id": 93,
        "percSeats": 0,
        "percVotes": 0.0009940815802109172,
        "seats": 0,
        "votes": 971,
      },
      Object {
        "distortion": -0.0009019421958453328,
        "id": 94,
        "percSeats": 0,
        "percVotes": 0.0009019421958453328,
        "seats": 0,
        "votes": 881,
      },
      Object {
        "distortion": -0.0007002593211784423,
        "id": 88,
        "percSeats": 0,
        "percVotes": 0.0007002593211784423,
        "seats": 0,
        "votes": 684,
      },
      Object {
        "distortion": -0.0006439519196216962,
        "id": 17,
        "percSeats": 0,
        "percVotes": 0.0006439519196216962,
        "seats": 0,
        "votes": 629,
      },
      Object {
        "distortion": -0.00046069692182792256,
        "id": 52,
        "percSeats": 0,
        "percVotes": 0.00046069692182792256,
        "seats": 0,
        "votes": 450,
      },
      Object {
        "distortion": -0.0002160156677904259,
        "id": 84,
        "percSeats": 0,
        "percVotes": 0.0002160156677904259,
        "seats": 0,
        "votes": 211,
      },
    ],
  },
  Object {
    "electoralData": Object {
      "abstentions": 123415,
      "census": 462798,
      "nulls": 3743,
      "percAbstention": 0.26667142036050284,
      "percNull": 0.01102883762592705,
      "percValid": 0.9889711623740729,
      "percVotes": 0.7333285796394972,
      "percWhite": 0.007218982683281131,
      "prevAbstentions": 144796,
      "prevCensus": 498771,
      "prevNulls": 3904,
      "prevVotes": 353975,
      "prevWhites": 2849,
      "seats": 5,
      "valids": 335640,
      "votes": 339383,
      "whites": 2450,
    },
    "id": 6,
    "regionData": Object {
      "alias": "cantabria",
      "countryCode": 99999,
      "id": 6,
      "name": "Cantabria",
      "oldId": 6999,
      "type": 1,
    },
    "regionId": 6,
    "resultsByParty": Array [
      Object {
        "distortion": -0.015582171374091291,
        "id": 68,
        "percSeats": 0.4,
        "percVotes": 0.4155821713740913,
        "seats": 2,
        "votes": 139486,
      },
      Object {
        "distortion": -0.03549636515314025,
        "id": 77,
        "percSeats": 0.2,
        "percVotes": 0.23549636515314026,
        "seats": 1,
        "votes": 79042,
      },
      Object {
        "distortion": 0.02312298891669648,
        "id": 59,
        "percSeats": 0.2,
        "percVotes": 0.17687701108330353,
        "seats": 1,
        "votes": 59367,
      },
      Object {
        "distortion": 0.055860445715647716,
        "id": 13,
        "percSeats": 0.2,
        "percVotes": 0.1441395542843523,
        "seats": 1,
        "votes": 48379,
      },
      Object {
        "distortion": -0.009927303062805386,
        "id": 41,
        "percSeats": 0,
        "percVotes": 0.009927303062805386,
        "seats": 0,
        "votes": 3332,
      },
      Object {
        "distortion": -0.0030985579787867956,
        "id": 93,
        "percSeats": 0,
        "percVotes": 0.0030985579787867956,
        "seats": 0,
        "votes": 1040,
      },
      Object {
        "distortion": -0.0021123823143844593,
        "id": 94,
        "percSeats": 0,
        "percVotes": 0.0021123823143844593,
        "seats": 0,
        "votes": 709,
      },
      Object {
        "distortion": -0.0017637945417709451,
        "id": 17,
        "percSeats": 0,
        "percVotes": 0.0017637945417709451,
        "seats": 0,
        "votes": 592,
      },
      Object {
        "distortion": -0.0014330830651888928,
        "id": 81,
        "percSeats": 0,
        "percVotes": 0.0014330830651888928,
        "seats": 0,
        "votes": 481,
      },
      Object {
        "distortion": -0.0013913717077821475,
        "id": 49,
        "percSeats": 0,
        "percVotes": 0.0013913717077821475,
        "seats": 0,
        "votes": 467,
      },
      Object {
        "distortion": -0.0004498867834584674,
        "id": 84,
        "percSeats": 0,
        "percVotes": 0.0004498867834584674,
        "seats": 0,
        "votes": 151,
      },
      Object {
        "distortion": -0.00042903110475509475,
        "id": 53,
        "percSeats": 0,
        "percVotes": 0.00042903110475509475,
        "seats": 0,
        "votes": 144,
      },
    ],
  },
  Object {
    "electoralData": Object {
      "abstentions": 416421,
      "census": 1540178,
      "nulls": 13440,
      "percAbstention": 0.27037199596410283,
      "percNull": 0.011959881006302964,
      "percValid": 0.988040118993697,
      "percVotes": 0.7296280040358971,
      "percWhite": 0.006210417376710445,
      "prevAbstentions": 389033,
      "prevCensus": 1572604,
      "prevNulls": 13552,
      "prevVotes": 1183571,
      "prevWhites": 8244,
      "seats": 21,
      "valids": 1110317,
      "votes": 1123757,
      "whites": 6979,
    },
    "id": 7,
    "regionData": Object {
      "alias": "castilla _ la mancha",
      "countryCode": 99999,
      "id": 7,
      "name": "Castilla - La Mancha",
      "oldId": 7999,
      "type": 1,
    },
    "regionId": 7,
    "resultsByParty": Array [
      Object {
        "distortion": 0.14351654270164027,
        "id": 68,
        "percSeats": 0.5714285714285714,
        "percVotes": 0.4279120287269311,
        "seats": 12,
        "votes": 475118,
      },
      Object {
        "distortion": 0.06020953175234339,
        "id": 77,
        "percSeats": 0.3333333333333333,
        "percVotes": 0.2731238015809899,
        "seats": 7,
        "votes": 303254,
      },
      Object {
        "distortion": -0.051190357176845724,
        "id": 59,
        "percSeats": 0.09523809523809523,
        "percVotes": 0.14642845241494096,
        "seats": 2,
        "votes": 162582,
      },
      Object {
        "distortion": -0.13058072604490428,
        "id": 13,
        "percSeats": 0,
        "percVotes": 0.13058072604490428,
        "seats": 0,
        "votes": 144986,
      },
      Object {
        "distortion": -0.008700218045837359,
        "id": 41,
        "percSeats": 0,
        "percVotes": 0.008700218045837359,
        "seats": 0,
        "votes": 9660,
      },
      Object {
        "distortion": -0.002145333269687846,
        "id": 93,
        "percSeats": 0,
        "percVotes": 0.002145333269687846,
        "seats": 0,
        "votes": 2382,
      },
      Object {
        "distortion": -0.0016328670100520843,
        "id": 94,
        "percSeats": 0,
        "percVotes": 0.0016328670100520843,
        "seats": 0,
        "votes": 1813,
      },
      Object {
        "distortion": -0.0015319949167670133,
        "id": 81,
        "percSeats": 0,
        "percVotes": 0.0015319949167670133,
        "seats": 0,
        "votes": 1701,
      },
      Object {
        "distortion": -0.0007115085151357675,
        "id": 28,
        "percSeats": 0,
        "percVotes": 0.0007115085151357675,
        "seats": 0,
        "votes": 790,
      },
      Object {
        "distortion": -0.0005773126053190215,
        "id": 49,
        "percSeats": 0,
        "percVotes": 0.0005773126053190215,
        "seats": 0,
        "votes": 641,
      },
      Object {
        "distortion": -0.00022876349727149993,
        "id": 27,
        "percSeats": 0,
        "percVotes": 0.00022876349727149993,
        "seats": 0,
        "votes": 254,
      },
      Object {
        "distortion": -0.00010807724280543304,
        "id": 44,
        "percSeats": 0,
        "percVotes": 0.00010807724280543304,
        "seats": 0,
        "votes": 120,
      },
      Object {
        "distortion": -0.000033323816531675186,
        "id": 84,
        "percSeats": 0,
        "percVotes": 0.000033323816531675186,
        "seats": 0,
        "votes": 37,
      },
    ],
  },
  Object {
    "electoralData": Object {
      "abstentions": 530770,
      "census": 1990621,
      "nulls": 16787,
      "percAbstention": 0.2666353866456749,
      "percNull": 0.01149911874568021,
      "percValid": 0.9885008812543198,
      "percVotes": 0.7333646133543251,
      "percWhite": 0.007961771441058026,
      "prevAbstentions": 616884,
      "prevCensus": 2143638,
      "prevNulls": 16818,
      "prevVotes": 1526754,
      "prevWhites": 14218,
      "seats": 31,
      "valids": 1443064,
      "votes": 1459851,
      "whites": 11623,
    },
    "id": 8,
    "regionData": Object {
      "alias": "castilla y leon",
      "countryCode": 99999,
      "id": 8,
      "name": "Castilla y León",
      "oldId": 8999,
      "type": 1,
    },
    "regionId": 8,
    "resultsByParty": Array [
      Object {
        "distortion": 0.13730792884602355,
        "id": 68,
        "percSeats": 0.5806451612903226,
        "percVotes": 0.44333723244429907,
        "seats": 18,
        "votes": 639764,
      },
      Object {
        "distortion": 0.058578874198323194,
        "id": 77,
        "percSeats": 0.2903225806451613,
        "percVotes": 0.23174370644683812,
        "seats": 9,
        "votes": 334421,
      },
      Object {
        "distortion": -0.05826189632704462,
        "id": 59,
        "percSeats": 0.0967741935483871,
        "percVotes": 0.15503608987543172,
        "seats": 3,
        "votes": 223727,
      },
      Object {
        "distortion": -0.10927481275057571,
        "id": 13,
        "percSeats": 0.03225806451612903,
        "percVotes": 0.14153287726670474,
        "seats": 1,
        "votes": 204241,
      },
      Object {
        "distortion": -0.007037802897168802,
        "id": 41,
        "percSeats": 0,
        "percVotes": 0.007037802897168802,
        "seats": 0,
        "votes": 10156,
      },
      Object {
        "distortion": -0.0030684709756462637,
        "id": 93,
        "percSeats": 0,
        "percVotes": 0.0030684709756462637,
        "seats": 0,
        "votes": 4428,
      },
      Object {
        "distortion": -0.001877948587172849,
        "id": 94,
        "percSeats": 0,
        "percVotes": 0.001877948587172849,
        "seats": 0,
        "votes": 2710,
      },
      Object {
        "distortion": -0.0018488438489214615,
        "id": 9,
        "percSeats": 0,
        "percVotes": 0.0018488438489214615,
        "seats": 0,
        "votes": 2668,
      },
      Object {
        "distortion": -0.0017268811362489813,
        "id": 81,
        "percSeats": 0,
        "percVotes": 0.0017268811362489813,
        "seats": 0,
        "votes": 2492,
      },
      Object {
        "distortion": -0.0015986816939512038,
        "id": 91,
        "percSeats": 0,
        "percVotes": 0.0015986816939512038,
        "seats": 0,
        "votes": 2307,
      },
      Object {
        "distortion": -0.001082419074968262,
        "id": 49,
        "percSeats": 0,
        "percVotes": 0.001082419074968262,
        "seats": 0,
        "votes": 1562,
      },
      Object {
        "distortion": -0.0007477145850773077,
        "id": 28,
        "percSeats": 0,
        "percVotes": 0.0007477145850773077,
        "seats": 0,
        "votes": 1079,
      },
      Object {
        "distortion": -0.00044350077335447355,
        "id": 72,
        "percSeats": 0,
        "percVotes": 0.00044350077335447355,
        "seats": 0,
        "votes": 640,
      },
      Object {
        "distortion": -0.00037420377751783704,
        "id": 84,
        "percSeats": 0,
        "percVotes": 0.00037420377751783704,
        "seats": 0,
        "votes": 540,
      },
      Object {
        "distortion": -0.0002432324553865941,
        "id": 33,
        "percSeats": 0,
        "percVotes": 0.0002432324553865941,
        "seats": 0,
        "votes": 351,
      },
      Object {
        "distortion": -0.00014552369125693664,
        "id": 1,
        "percSeats": 0,
        "percVotes": 0.00014552369125693664,
        "seats": 0,
        "votes": 210,
      },
      Object {
        "distortion": -0.00010048064396312291,
        "id": 53,
        "percSeats": 0,
        "percVotes": 0.00010048064396312291,
        "seats": 0,
        "votes": 145,
      },
    ],
  },
  Object {
    "electoralData": Object {
      "abstentions": 1827546,
      "census": 5313615,
      "nulls": 23436,
      "percAbstention": 0.3439364726273921,
      "percNull": 0.006722758499616617,
      "percValid": 0.9932772415003834,
      "percVotes": 0.6560635273726079,
      "percWhite": 0.008299032520584074,
      "prevAbstentions": 1730532,
      "prevCensus": 5516456,
      "prevNulls": 23065,
      "prevVotes": 3785924,
      "prevWhites": 25440,
      "seats": 47,
      "valids": 3462633,
      "votes": 3486069,
      "whites": 28931,
    },
    "id": 9,
    "regionData": Object {
      "alias": "catalunya",
      "countryCode": 99999,
      "id": 9,
      "name": "Catalunya",
      "oldId": 9999,
      "type": 1,
    },
    "regionId": 9,
    "resultsByParty": Array [
      Object {
        "distortion": 0.010266901123595185,
        "id": 59,
        "percSeats": 0.2553191489361702,
        "percVotes": 0.245052247812575,
        "seats": 12,
        "votes": 848526,
      },
      Object {
        "distortion": 0.009750782996269997,
        "id": 25,
        "percSeats": 0.19148936170212766,
        "percVotes": 0.18173857870585766,
        "seats": 9,
        "votes": 629294,
      },
      Object {
        "distortion": 0.03105883309768373,
        "id": 10,
        "percSeats": 0.1702127659574468,
        "percVotes": 0.13915393285976307,
        "seats": 8,
        "votes": 481839,
      },
      Object {
        "distortion": -0.012222404779154927,
        "id": 77,
        "percSeats": 0.14893617021276595,
        "percVotes": 0.16115857499192088,
        "seats": 7,
        "votes": 558033,
      },
      Object {
        "distortion": -0.005948867431475158,
        "id": 68,
        "percSeats": 0.1276595744680851,
        "percVotes": 0.13360844189956025,
        "seats": 6,
        "votes": 462637,
      },
      Object {
        "distortion": -0.002911018070365104,
        "id": 13,
        "percSeats": 0.10638297872340426,
        "percVotes": 0.10929399679376936,
        "seats": 5,
        "votes": 378445,
      },
      Object {
        "distortion": -0.017232262269781407,
        "id": 41,
        "percSeats": 0,
        "percVotes": 0.017232262269781407,
        "seats": 0,
        "votes": 59669,
      },
      Object {
        "distortion": -0.0028914412818222433,
        "id": 81,
        "percSeats": 0,
        "percVotes": 0.0028914412818222433,
        "seats": 0,
        "votes": 10012,
      },
      Object {
        "distortion": -0.001249915887707418,
        "id": 49,
        "percSeats": 0,
        "percVotes": 0.001249915887707418,
        "seats": 0,
        "votes": 4328,
      },
      Object {
        "distortion": -0.0002085118463319676,
        "id": 80,
        "percSeats": 0,
        "percVotes": 0.0002085118463319676,
        "seats": 0,
        "votes": 722,
      },
      Object {
        "distortion": -0.000056893121506090886,
        "id": 94,
        "percSeats": 0,
        "percVotes": 0.000056893121506090886,
        "seats": 0,
        "votes": 197,
      },
    ],
  },
  Object {
    "electoralData": Object {
      "abstentions": 260435,
      "census": 881234,
      "nulls": 8535,
      "percAbstention": 0.295534443745929,
      "percNull": 0.013748411321538855,
      "percValid": 0.9862515886784612,
      "percVotes": 0.704465556254071,
      "percWhite": 0.006844405355034399,
      "prevAbstentions": 253289,
      "prevCensus": 910284,
      "prevNulls": 8651,
      "prevVotes": 656995,
      "prevWhites": 4676,
      "seats": 10,
      "valids": 612264,
      "votes": 620799,
      "whites": 4249,
    },
    "id": 10,
    "regionData": Object {
      "alias": "extremadura",
      "countryCode": 99999,
      "id": 10,
      "name": "Extremadura",
      "oldId": 10999,
      "type": 1,
    },
    "regionId": 10,
    "resultsByParty": Array [
      Object {
        "distortion": 0.10061509414239611,
        "id": 68,
        "percSeats": 0.5,
        "percVotes": 0.3993849058576039,
        "seats": 5,
        "votes": 244529,
      },
      Object {
        "distortion": 0.054317418629872105,
        "id": 77,
        "percSeats": 0.4,
        "percVotes": 0.3456825813701279,
        "seats": 4,
        "votes": 211649,
      },
      Object {
        "distortion": -0.03036206603687297,
        "id": 59,
        "percSeats": 0.1,
        "percVotes": 0.13036206603687298,
        "seats": 1,
        "votes": 79816,
      },
      Object {
        "distortion": -0.10532874707642455,
        "id": 13,
        "percSeats": 0,
        "percVotes": 0.10532874707642455,
        "seats": 0,
        "votes": 64489,
      },
      Object {
        "distortion": -0.007224007944285472,
        "id": 41,
        "percSeats": 0,
        "percVotes": 0.007224007944285472,
        "seats": 0,
        "votes": 4423,
      },
      Object {
        "distortion": -0.0017296460350437067,
        "id": 81,
        "percSeats": 0,
        "percVotes": 0.0017296460350437067,
        "seats": 0,
        "votes": 1059,
      },
      Object {
        "distortion": -0.0016969803875452418,
        "id": 93,
        "percSeats": 0,
        "percVotes": 0.0016969803875452418,
        "seats": 0,
        "votes": 1039,
      },
      Object {
        "distortion": -0.0016512484810473913,
        "id": 94,
        "percSeats": 0,
        "percVotes": 0.0016512484810473913,
        "seats": 0,
        "votes": 1011,
      },
    ],
  },
  Object {
    "electoralData": Object {
      "abstentions": 685791,
      "census": 2258012,
      "nulls": 20388,
      "percAbstention": 0.3037145063888057,
      "percNull": 0.012967642589686818,
      "percValid": 0.9870323574103131,
      "percVotes": 0.6962854936111943,
      "percWhite": 0.009301491329781246,
      "prevAbstentions": 1040901,
      "prevCensus": 2705852,
      "prevNulls": 22719,
      "prevVotes": 1664951,
      "prevWhites": 17349,
      "seats": 23,
      "valids": 1551833,
      "votes": 1572221,
      "whites": 14624,
    },
    "id": 11,
    "regionData": Object {
      "alias": "galicia",
      "countryCode": 99999,
      "id": 11,
      "name": "Galicia",
      "oldId": 11999,
      "type": 1,
    },
    "regionId": 11,
    "resultsByParty": Array [
      Object {
        "distortion": 0.106857503352487,
        "id": 68,
        "percSeats": 0.5217391304347826,
        "percVotes": 0.4148816270822956,
        "seats": 12,
        "votes": 643827,
      },
      Object {
        "distortion": 0.03838879570159934,
        "id": 77,
        "percSeats": 0.2608695652173913,
        "percVotes": 0.22248076951579196,
        "seats": 6,
        "votes": 345253,
      },
      Object {
        "distortion": -0.0043741820157194855,
        "id": 59,
        "percSeats": 0.21739130434782608,
        "percVotes": 0.22176548636354557,
        "seats": 5,
        "votes": 344143,
      },
      Object {
        "distortion": -0.08630954490592738,
        "id": 13,
        "percSeats": 0,
        "percVotes": 0.08630954490592738,
        "seats": 0,
        "votes": 133938,
      },
      Object {
        "distortion": -0.028934814506457848,
        "id": 5,
        "percSeats": 0,
        "percVotes": 0.028934814506457848,
        "seats": 0,
        "votes": 44902,
      },
      Object {
        "distortion": -0.010707337709663346,
        "id": 41,
        "percSeats": 0,
        "percVotes": 0.010707337709663346,
        "seats": 0,
        "votes": 16616,
      },
      Object {
        "distortion": -0.002424874326038949,
        "id": 81,
        "percSeats": 0,
        "percVotes": 0.002424874326038949,
        "seats": 0,
        "votes": 3763,
      },
      Object {
        "distortion": -0.0010671251352432898,
        "id": 49,
        "percSeats": 0,
        "percVotes": 0.0010671251352432898,
        "seats": 0,
        "votes": 1656,
      },
      Object {
        "distortion": -0.0006495544301480893,
        "id": 94,
        "percSeats": 0,
        "percVotes": 0.0006495544301480893,
        "seats": 0,
        "votes": 1008,
      },
      Object {
        "distortion": -0.0006179788675714461,
        "id": 93,
        "percSeats": 0,
        "percVotes": 0.0006179788675714461,
        "seats": 0,
        "votes": 959,
      },
      Object {
        "distortion": -0.0004948986134461634,
        "id": 17,
        "percSeats": 0,
        "percVotes": 0.0004948986134461634,
        "seats": 0,
        "votes": 768,
      },
      Object {
        "distortion": -0.00024229411283301747,
        "id": 84,
        "percSeats": 0,
        "percVotes": 0.00024229411283301747,
        "seats": 0,
        "votes": 376,
      },
    ],
  },
  Object {
    "electoralData": Object {
      "abstentions": 1199269,
      "census": 4661539,
      "nulls": 23598,
      "percAbstention": 0.25726889767520983,
      "percNull": 0.006815759602803941,
      "percValid": 0.9931842403971961,
      "percVotes": 0.7427311023247901,
      "percWhite": 0.005197168331759222,
      "prevAbstentions": 1271766,
      "prevCensus": 4913893,
      "prevNulls": 23209,
      "prevVotes": 3642127,
      "prevWhites": 18751,
      "seats": 36,
      "valids": 3438672,
      "votes": 3462270,
      "whites": 17994,
    },
    "id": 12,
    "regionData": Object {
      "alias": "comunidad de madrid",
      "countryCode": 99999,
      "id": 12,
      "name": "Comunidad de Madrid",
      "oldId": 12999,
      "type": 1,
    },
    "regionId": 12,
    "resultsByParty": Array [
      Object {
        "distortion": 0.03400527878204146,
        "id": 68,
        "percSeats": 0.4166666666666667,
        "percVotes": 0.3826613878846252,
        "seats": 15,
        "votes": 1315847,
      },
      Object {
        "distortion": 0.009968770889847378,
        "id": 59,
        "percSeats": 0.2222222222222222,
        "percVotes": 0.21225345133237483,
        "seats": 8,
        "votes": 729870,
      },
      Object {
        "distortion": -0.001801373708609999,
        "id": 77,
        "percSeats": 0.19444444444444445,
        "percVotes": 0.19624581815305445,
        "seats": 7,
        "votes": 674825,
      },
      Object {
        "distortion": -0.010841103774945682,
        "id": 13,
        "percSeats": 0.16666666666666666,
        "percVotes": 0.17750777044161234,
        "seats": 6,
        "votes": 610391,
      },
      Object {
        "distortion": -0.011317741267559104,
        "id": 41,
        "percSeats": 0,
        "percVotes": 0.011317741267559104,
        "seats": 0,
        "votes": 38918,
      },
      Object {
        "distortion": -0.004829771493181089,
        "id": 94,
        "percSeats": 0,
        "percVotes": 0.004829771493181089,
        "seats": 0,
        "votes": 16608,
      },
      Object {
        "distortion": -0.004365348018072093,
        "id": 93,
        "percSeats": 0,
        "percVotes": 0.004365348018072093,
        "seats": 0,
        "votes": 15011,
      },
      Object {
        "distortion": -0.002123203376187086,
        "id": 81,
        "percSeats": 0,
        "percVotes": 0.002123203376187086,
        "seats": 0,
        "votes": 7301,
      },
      Object {
        "distortion": -0.0011405565869614782,
        "id": 28,
        "percSeats": 0,
        "percVotes": 0.0011405565869614782,
        "seats": 0,
        "votes": 3922,
      },
      Object {
        "distortion": -0.001024232610728793,
        "id": 49,
        "percSeats": 0,
        "percVotes": 0.001024232610728793,
        "seats": 0,
        "votes": 3522,
      },
      Object {
        "distortion": -0.0006522866967247821,
        "id": 52,
        "percSeats": 0,
        "percVotes": 0.0006522866967247821,
        "seats": 0,
        "votes": 2243,
      },
      Object {
        "distortion": -0.00035885946667783375,
        "id": 53,
        "percSeats": 0,
        "percVotes": 0.00035885946667783375,
        "seats": 0,
        "votes": 1234,
      },
      Object {
        "distortion": -0.00028673860141356893,
        "id": 84,
        "percSeats": 0,
        "percVotes": 0.00028673860141356893,
        "seats": 0,
        "votes": 986,
      },
    ],
  },
  Object {
    "electoralData": Object {
      "abstentions": 140545,
      "census": 477736,
      "nulls": 3377,
      "percAbstention": 0.29418967798114437,
      "percNull": 0.010015095302069154,
      "percValid": 0.9899849046979309,
      "percVotes": 0.7058103220188556,
      "percWhite": 0.01025828091497104,
      "prevAbstentions": 146058,
      "prevCensus": 502520,
      "prevNulls": 3114,
      "prevVotes": 356462,
      "prevWhites": 3714,
      "seats": 5,
      "valids": 333814,
      "votes": 337191,
      "whites": 3459,
    },
    "id": 13,
    "regionData": Object {
      "alias": "comunidad foral de navarra",
      "countryCode": 99999,
      "id": 13,
      "name": "Comunidad Foral de Navarra",
      "oldId": 13999,
      "type": 1,
    },
    "regionId": 13,
    "resultsByParty": Array [
      Object {
        "distortion": 0.08115777049494632,
        "id": 68,
        "percSeats": 0.4,
        "percVotes": 0.3188422295050537,
        "seats": 2,
        "votes": 106434,
      },
      Object {
        "distortion": 0.11674345593653951,
        "id": 59,
        "percSeats": 0.4,
        "percVotes": 0.2832565440634605,
        "seats": 2,
        "votes": 94555,
      },
      Object {
        "distortion": 0.026394339362639074,
        "id": 77,
        "percSeats": 0.2,
        "percVotes": 0.17360566063736094,
        "seats": 1,
        "votes": 57952,
      },
      Object {
        "distortion": -0.09379474797342233,
        "id": 23,
        "percSeats": 0,
        "percVotes": 0.09379474797342233,
        "seats": 0,
        "votes": 31310,
      },
      Object {
        "distortion": -0.06094112290077708,
        "id": 13,
        "percSeats": 0,
        "percVotes": 0.06094112290077708,
        "seats": 0,
        "votes": 20343,
      },
      Object {
        "distortion": -0.04280527479374742,
        "id": 30,
        "percSeats": 0,
        "percVotes": 0.04280527479374742,
        "seats": 0,
        "votes": 14289,
      },
      Object {
        "distortion": -0.00820516814753126,
        "id": 41,
        "percSeats": 0,
        "percVotes": 0.00820516814753126,
        "seats": 0,
        "votes": 2739,
      },
      Object {
        "distortion": -0.003235334647438394,
        "id": 81,
        "percSeats": 0,
        "percVotes": 0.003235334647438394,
        "seats": 0,
        "votes": 1080,
      },
      Object {
        "distortion": -0.001728507492196253,
        "id": 93,
        "percSeats": 0,
        "percVotes": 0.001728507492196253,
        "seats": 0,
        "votes": 577,
      },
      Object {
        "distortion": -0.0016236586841774162,
        "id": 38,
        "percSeats": 0,
        "percVotes": 0.0016236586841774162,
        "seats": 0,
        "votes": 542,
      },
      Object {
        "distortion": -0.001599693242344539,
        "id": 84,
        "percSeats": 0,
        "percVotes": 0.001599693242344539,
        "seats": 0,
        "votes": 534,
      },
    ],
  },
  Object {
    "electoralData": Object {
      "abstentions": 288046,
      "census": 1005188,
      "nulls": 5892,
      "percAbstention": 0.2865593301949486,
      "percNull": 0.008215946074835946,
      "percValid": 0.991784053925164,
      "percVotes": 0.7134406698050514,
      "percWhite": 0.0051635519883091495,
      "prevAbstentions": 297736,
      "prevCensus": 1031733,
      "prevNulls": 6382,
      "prevVotes": 733997,
      "prevWhites": 4511,
      "seats": 10,
      "valids": 711250,
      "votes": 717142,
      "whites": 3703,
    },
    "id": 15,
    "regionData": Object {
      "alias": "region de murcia",
      "countryCode": 99999,
      "id": 15,
      "name": "Región de Murcia",
      "oldId": 15999,
      "type": 1,
    },
    "regionId": 15,
    "resultsByParty": Array [
      Object {
        "distortion": 0.032601757469244264,
        "id": 68,
        "percSeats": 0.5,
        "percVotes": 0.46739824253075574,
        "seats": 5,
        "votes": 332437,
      },
      Object {
        "distortion": -0.0029131810193321617,
        "id": 77,
        "percSeats": 0.2,
        "percVotes": 0.20291318101933217,
        "seats": 2,
        "votes": 144322,
      },
      Object {
        "distortion": 0.043129701230228495,
        "id": 13,
        "percSeats": 0.2,
        "percVotes": 0.15687029876977152,
        "seats": 2,
        "votes": 111574,
      },
      Object {
        "distortion": -0.043908611599297015,
        "id": 59,
        "percSeats": 0.1,
        "percVotes": 0.14390861159929702,
        "seats": 1,
        "votes": 102355,
      },
      Object {
        "distortion": -0.011469947275922671,
        "id": 41,
        "percSeats": 0,
        "percVotes": 0.011469947275922671,
        "seats": 0,
        "votes": 8158,
      },
      Object {
        "distortion": -0.0036471001757469243,
        "id": 94,
        "percSeats": 0,
        "percVotes": 0.0036471001757469243,
        "seats": 0,
        "votes": 2594,
      },
      Object {
        "distortion": -0.0028991212653778557,
        "id": 93,
        "percSeats": 0,
        "percVotes": 0.0028991212653778557,
        "seats": 0,
        "votes": 2062,
      },
      Object {
        "distortion": -0.0019163444639718804,
        "id": 81,
        "percSeats": 0,
        "percVotes": 0.0019163444639718804,
        "seats": 0,
        "votes": 1363,
      },
      Object {
        "distortion": -0.0018797891036906854,
        "id": 17,
        "percSeats": 0,
        "percVotes": 0.0018797891036906854,
        "seats": 0,
        "votes": 1337,
      },
      Object {
        "distortion": -0.0008731107205623901,
        "id": 49,
        "percSeats": 0,
        "percVotes": 0.0008731107205623901,
        "seats": 0,
        "votes": 621,
      },
      Object {
        "distortion": -0.0005427065026362038,
        "id": 84,
        "percSeats": 0,
        "percVotes": 0.0005427065026362038,
        "seats": 0,
        "votes": 386,
      },
      Object {
        "distortion": -0.000475219683655536,
        "id": 29,
        "percSeats": 0,
        "percVotes": 0.000475219683655536,
        "seats": 0,
        "votes": 338,
      },
    ],
  },
  Object {
    "electoralData": Object {
      "abstentions": 58911,
      "census": 232910,
      "nulls": 1870,
      "percAbstention": 0.2529346099351681,
      "percNull": 0.010747188202231047,
      "percValid": 0.9892528117977689,
      "percVotes": 0.7470653900648319,
      "percWhite": 0.007028776027448434,
      "prevAbstentions": 68238,
      "prevCensus": 247507,
      "prevNulls": 2062,
      "prevVotes": 179269,
      "prevWhites": 1496,
      "seats": 4,
      "valids": 172129,
      "votes": 173999,
      "whites": 1223,
    },
    "id": 16,
    "regionData": Object {
      "alias": "la rioja",
      "countryCode": 99999,
      "id": 16,
      "name": "La Rioja",
      "oldId": 16999,
      "type": 1,
    },
    "regionId": 16,
    "resultsByParty": Array [
      Object {
        "distortion": 0.07374411052175983,
        "id": 68,
        "percSeats": 0.5,
        "percVotes": 0.42625588947824017,
        "seats": 2,
        "votes": 73371,
      },
      Object {
        "distortion": 0.006682488133899572,
        "id": 77,
        "percSeats": 0.25,
        "percVotes": 0.24331751186610043,
        "seats": 1,
        "votes": 41882,
      },
      Object {
        "distortion": 0.08418831225418147,
        "id": 59,
        "percSeats": 0.25,
        "percVotes": 0.16581168774581853,
        "seats": 1,
        "votes": 28541,
      },
      Object {
        "distortion": -0.13981955393919676,
        "id": 13,
        "percSeats": 0,
        "percVotes": 0.13981955393919676,
        "seats": 0,
        "votes": 24067,
      },
      Object {
        "distortion": -0.007738382259816766,
        "id": 41,
        "percSeats": 0,
        "percVotes": 0.007738382259816766,
        "seats": 0,
        "votes": 1332,
      },
      Object {
        "distortion": -0.0024167920571199508,
        "id": 93,
        "percSeats": 0,
        "percVotes": 0.0024167920571199508,
        "seats": 0,
        "votes": 416,
      },
      Object {
        "distortion": -0.002068216279650727,
        "id": 94,
        "percSeats": 0,
        "percVotes": 0.002068216279650727,
        "seats": 0,
        "votes": 356,
      },
      Object {
        "distortion": -0.0017777364650930407,
        "id": 81,
        "percSeats": 0,
        "percVotes": 0.0017777364650930407,
        "seats": 0,
        "votes": 306,
      },
      Object {
        "distortion": -0.0017661172725107332,
        "id": 17,
        "percSeats": 0,
        "percVotes": 0.0017661172725107332,
        "seats": 0,
        "votes": 304,
      },
      Object {
        "distortion": -0.0014465894764972781,
        "id": 49,
        "percSeats": 0,
        "percVotes": 0.0014465894764972781,
        "seats": 0,
        "votes": 249,
      },
      Object {
        "distortion": -0.00047638689587460565,
        "id": 31,
        "percSeats": 0,
        "percVotes": 0.00047638689587460565,
        "seats": 0,
        "votes": 82,
      },
    ],
  },
  Object {
    "electoralData": Object {
      "abstentions": 912648,
      "census": 3520688,
      "nulls": 22857,
      "percAbstention": 0.25922433342573953,
      "percNull": 0.008764052698578243,
      "percValid": 0.9912359473014217,
      "percVotes": 0.7407756665742605,
      "percWhite": 0.005893697949417954,
      "prevAbstentions": 911260,
      "prevCensus": 3615282,
      "prevNulls": 23170,
      "prevVotes": 2704022,
      "prevWhites": 16133,
      "seats": 33,
      "valids": 2585183,
      "votes": 2608040,
      "whites": 15371,
    },
    "id": 17,
    "regionData": Object {
      "alias": "comunitat valenciana",
      "countryCode": 99999,
      "id": 17,
      "name": "Comunitat Valenciana",
      "oldId": 17999,
      "type": 1,
    },
    "regionId": 17,
    "resultsByParty": Array [
      Object {
        "distortion": 0.03907167277613394,
        "id": 68,
        "percSeats": 0.3939393939393939,
        "percVotes": 0.35486772116326,
        "seats": 13,
        "votes": 917398,
      },
      Object {
        "distortion": 0.01901409265452736,
        "id": 59,
        "percSeats": 0.2727272727272727,
        "percVotes": 0.25371318007274535,
        "seats": 9,
        "votes": 655895,
      },
      Object {
        "distortion": -0.02628430067532056,
        "id": 77,
        "percSeats": 0.18181818181818182,
        "percVotes": 0.20810248249350238,
        "seats": 6,
        "votes": 537983,
      },
      Object {
        "distortion": 0.0018831912245260707,
        "id": 13,
        "percSeats": 0.15151515151515152,
        "percVotes": 0.14963196029062545,
        "seats": 5,
        "votes": 386826,
      },
      Object {
        "distortion": -0.012570870224661078,
        "id": 41,
        "percSeats": 0,
        "percVotes": 0.012570870224661078,
        "seats": 0,
        "votes": 32498,
      },
      Object {
        "distortion": -0.002557652591712076,
        "id": 86,
        "percSeats": 0,
        "percVotes": 0.002557652591712076,
        "seats": 0,
        "votes": 6612,
      },
      Object {
        "distortion": -0.0024230392974114406,
        "id": 8,
        "percSeats": 0,
        "percVotes": 0.0024230392974114406,
        "seats": 0,
        "votes": 6264,
      },
      Object {
        "distortion": -0.0023421939568688175,
        "id": 94,
        "percSeats": 0,
        "percVotes": 0.0023421939568688175,
        "seats": 0,
        "votes": 6055,
      },
      Object {
        "distortion": -0.0021356321776833595,
        "id": 93,
        "percSeats": 0,
        "percVotes": 0.0021356321776833595,
        "seats": 0,
        "votes": 5521,
      },
      Object {
        "distortion": -0.0018459041390880258,
        "id": 81,
        "percSeats": 0,
        "percVotes": 0.0018459041390880258,
        "seats": 0,
        "votes": 4772,
      },
      Object {
        "distortion": -0.0013592848165874525,
        "id": 49,
        "percSeats": 0,
        "percVotes": 0.0013592848165874525,
        "seats": 0,
        "votes": 3514,
      },
      Object {
        "distortion": -0.0011550439562692466,
        "id": 11,
        "percSeats": 0,
        "percVotes": 0.0011550439562692466,
        "seats": 0,
        "votes": 2986,
      },
      Object {
        "distortion": -0.0007481095148776702,
        "id": 28,
        "percSeats": 0,
        "percVotes": 0.0007481095148776702,
        "seats": 0,
        "votes": 1934,
      },
      Object {
        "distortion": -0.0003810175140405921,
        "id": 53,
        "percSeats": 0,
        "percVotes": 0.0003810175140405921,
        "seats": 0,
        "votes": 985,
      },
      Object {
        "distortion": -0.00022010047257776336,
        "id": 83,
        "percSeats": 0,
        "percVotes": 0.00022010047257776336,
        "seats": 0,
        "votes": 569,
      },
    ],
  },
  Object {
    "electoralData": Object {
      "abstentions": 28051,
      "census": 59140,
      "nulls": 350,
      "percAbstention": 0.4743151843084207,
      "percNull": 0.011258001222297276,
      "percValid": 0.9887419987777027,
      "percVotes": 0.5256848156915793,
      "percWhite": 0.01016436681784554,
      "prevAbstentions": 28144,
      "prevCensus": 61660,
      "prevNulls": 493,
      "prevVotes": 33516,
      "prevWhites": 413,
      "seats": 1,
      "valids": 30739,
      "votes": 31089,
      "whites": 316,
    },
    "id": 18,
    "regionData": Object {
      "alias": "ciudad de ceuta",
      "countryCode": 99999,
      "id": 18,
      "name": "Ciudad de Ceuta",
      "oldId": 18999,
      "type": 1,
    },
    "regionId": 18,
    "resultsByParty": Array [
      Object {
        "distortion": 0.4809200039038355,
        "id": 68,
        "percSeats": 1,
        "percVotes": 0.5190799960961645,
        "seats": 1,
        "votes": 15956,
      },
      Object {
        "distortion": -0.22599954455252286,
        "id": 77,
        "percSeats": 0,
        "percVotes": 0.22599954455252286,
        "seats": 0,
        "votes": 6947,
      },
      Object {
        "distortion": -0.11522821171801295,
        "id": 13,
        "percSeats": 0,
        "percVotes": 0.11522821171801295,
        "seats": 0,
        "votes": 3542,
      },
      Object {
        "distortion": -0.10904713881388464,
        "id": 59,
        "percSeats": 0,
        "percVotes": 0.10904713881388464,
        "seats": 0,
        "votes": 3352,
      },
      Object {
        "distortion": -0.010637951787631347,
        "id": 41,
        "percSeats": 0,
        "percVotes": 0.010637951787631347,
        "seats": 0,
        "votes": 327,
      },
      Object {
        "distortion": -0.004587006734116269,
        "id": 94,
        "percSeats": 0,
        "percVotes": 0.004587006734116269,
        "seats": 0,
        "votes": 141,
      },
      Object {
        "distortion": -0.002830280750837698,
        "id": 81,
        "percSeats": 0,
        "percVotes": 0.002830280750837698,
        "seats": 0,
        "votes": 87,
      },
      Object {
        "distortion": -0.002309769348384788,
        "id": 93,
        "percSeats": 0,
        "percVotes": 0.002309769348384788,
        "seats": 0,
        "votes": 71,
      },
    ],
  },
  Object {
    "electoralData": Object {
      "abstentions": 25933,
      "census": 53306,
      "nulls": 361,
      "percAbstention": 0.4864930777023224,
      "percNull": 0.013188178131735652,
      "percValid": 0.9868118218682643,
      "percVotes": 0.5135069222976776,
      "percWhite": 0.009754137288569028,
      "prevAbstentions": 29194,
      "prevCensus": 57639,
      "prevNulls": 363,
      "prevVotes": 28445,
      "prevWhites": 299,
      "seats": 1,
      "valids": 27012,
      "votes": 27373,
      "whites": 267,
    },
    "id": 19,
    "regionData": Object {
      "alias": "ciudad de melilla",
      "countryCode": 99999,
      "id": 19,
      "name": "Ciudad de Melilla",
      "oldId": 19999,
      "type": 1,
    },
    "regionId": 19,
    "resultsByParty": Array [
      Object {
        "distortion": 0.501036576336443,
        "id": 68,
        "percSeats": 1,
        "percVotes": 0.49896342366355695,
        "seats": 1,
        "votes": 13478,
      },
      Object {
        "distortion": -0.24640900340589367,
        "id": 77,
        "percSeats": 0,
        "percVotes": 0.24640900340589367,
        "seats": 0,
        "votes": 6656,
      },
      Object {
        "distortion": -0.12375981045461276,
        "id": 13,
        "percSeats": 0,
        "percVotes": 0.12375981045461276,
        "seats": 0,
        "votes": 3343,
      },
      Object {
        "distortion": -0.09766029912631423,
        "id": 59,
        "percSeats": 0,
        "percVotes": 0.09766029912631423,
        "seats": 0,
        "votes": 2638,
      },
      Object {
        "distortion": -0.011698504368428847,
        "id": 41,
        "percSeats": 0,
        "percVotes": 0.011698504368428847,
        "seats": 0,
        "votes": 316,
      },
      Object {
        "distortion": -0.009995557529986673,
        "id": 93,
        "percSeats": 0,
        "percVotes": 0.009995557529986673,
        "seats": 0,
        "votes": 270,
      },
      Object {
        "distortion": -0.0016289056715533836,
        "id": 81,
        "percSeats": 0,
        "percVotes": 0.0016289056715533836,
        "seats": 0,
        "votes": 44,
      },
    ],
  },
]
`;
